[0.008s][info][gc] Using G1
[0.386s][info][gc] GC(0) Pause Young (Normal) (G1 Evacuation Pause) 26M->4M(222M) 2.452ms
[0.860s][info][gc] GC(1) Pause Young (Normal) (G1 Evacuation Pause) 42M->8M(222M) 4.575ms
[0.918s][info][gc] GC(2) Pause Young (Concurrent Start) (Metadata GC Threshold) 16M->10M(222M) 3.300ms
[0.918s][info][gc] GC(3) Concurrent Mark Cycle
[0.920s][info][gc] GC(3) Pause Remark 11M->11M(48M) 0.820ms
[0.921s][info][gc] GC(3) Pause Cleanup 11M->11M(48M) 0.034ms
[0.921s][info][gc] GC(3) Concurrent Mark Cycle 3.669ms
[1.825s][info][gc] GC(4) Pause Young (Prepare Mixed) (G1 Evacuation Pause) 44M->13M(58M) 7.144ms
[2.271s][info][gc] GC(5) Pause Young (Mixed) (Metadata GC Threshold) 32M->15M(58M) 9.325ms
[2.297s][info][gc] GC(6) Pause Young (Concurrent Start) (Metadata GC Threshold) 17M->16M(58M) 5.233ms
[2.308s][info][gc] GC(7) Concurrent Mark Cycle
[2.315s][info][gc] GC(7) Pause Remark 16M->16M(58M) 3.119ms
[2.317s][info][gc] GC(7) Pause Cleanup 16M->16M(58M) 0.029ms
[2.317s][info][gc] GC(7) Concurrent Mark Cycle 9.132ms
[3.276s][info][gc] GC(8) Pause Young (Normal) (G1 Evacuation Pause) 46M->17M(58M) 5.751ms
[3.752s][info][gc] GC(9) Pause Young (Normal) (G1 Evacuation Pause) 47M->17M(58M) 5.445ms
[4.139s][info][gc] GC(10) Pause Young (Normal) (G1 Evacuation Pause) 49M->17M(70M) 3.934ms
[4.599s][info][gc] GC(11) Pause Young (Normal) (G1 Evacuation Pause) 57M->17M(70M) 3.597ms
[5.047s][info][gc] GC(12) Pause Young (Normal) (G1 Evacuation Pause) 57M->17M(70M) 3.988ms
[5.493s][info][gc] GC(13) Pause Young (Normal) (G1 Evacuation Pause) 57M->17M(70M) 3.481ms
[5.950s][info][gc] GC(14) Pause Young (Normal) (G1 Evacuation Pause) 57M->17M(70M) 4.770ms
[6.432s][info][gc] GC(15) Pause Young (Normal) (G1 Evacuation Pause) 57M->17M(70M) 4.451ms
[6.881s][info][gc] GC(16) Pause Young (Normal) (G1 Evacuation Pause) 57M->17M(70M) 5.218ms
[7.307s][info][gc] GC(17) Pause Young (Normal) (G1 Evacuation Pause) 57M->17M(70M) 4.211ms
[7.617s][info][gc] GC(18) Pause Young (Normal) (G1 Evacuation Pause) 57M->17M(70M) 3.417ms
[7.928s][info][gc] GC(19) Pause Young (Normal) (G1 Evacuation Pause) 57M->17M(70M) 3.224ms
[8.252s][info][gc] GC(20) Pause Young (Normal) (G1 Evacuation Pause) 57M->17M(84M) 3.607ms
[8.706s][info][gc] GC(21) Pause Young (Normal) (G1 Evacuation Pause) 65M->17M(84M) 4.215ms
[9.176s][info][gc] GC(22) Pause Young (Normal) (G1 Evacuation Pause) 65M->17M(84M) 4.666ms
[9.608s][info][gc] GC(23) Pause Young (Normal) (G1 Evacuation Pause) 65M->17M(84M) 3.623ms
[10.010s][info][gc] GC(24) Pause Young (Normal) (G1 Evacuation Pause) 65M->17M(84M) 1.368ms
[10.378s][info][gc] GC(25) Pause Young (Normal) (G1 Evacuation Pause) 65M->17M(84M) 1.070ms
[10.689s][info][gc] GC(26) Pause Young (Normal) (G1 Evacuation Pause) 65M->17M(84M) 1.056ms
[10.986s][info][gc] GC(27) Pause Young (Normal) (G1 Evacuation Pause) 65M->17M(84M) 1.104ms
[11.265s][info][gc] GC(28) Pause Young (Normal) (G1 Evacuation Pause) 65M->17M(84M) 0.829ms
[11.543s][info][gc] GC(29) Pause Young (Normal) (G1 Evacuation Pause) 65M->17M(84M) 0.908ms
[11.820s][info][gc] GC(30) Pause Young (Normal) (G1 Evacuation Pause) 65M->17M(84M) 0.897ms
[12.101s][info][gc] GC(31) Pause Young (Normal) (G1 Evacuation Pause) 65M->17M(84M) 0.703ms
[12.385s][info][gc] GC(32) Pause Young (Normal) (G1 Evacuation Pause) 65M->17M(84M) 0.866ms
[12.671s][info][gc] GC(33) Pause Young (Normal) (G1 Evacuation Pause) 65M->17M(84M) 1.003ms
[12.946s][info][gc] GC(34) Pause Young (Normal) (G1 Evacuation Pause) 65M->17M(84M) 0.906ms
[13.232s][info][gc] GC(35) Pause Young (Normal) (G1 Evacuation Pause) 65M->17M(84M) 0.934ms
[13.505s][info][gc] GC(36) Pause Young (Normal) (G1 Evacuation Pause) 65M->17M(84M) 1.040ms
[13.784s][info][gc] GC(37) Pause Young (Normal) (G1 Evacuation Pause) 65M->17M(84M) 0.875ms
[14.060s][info][gc] GC(38) Pause Young (Normal) (G1 Evacuation Pause) 65M->17M(84M) 0.853ms
[14.339s][info][gc] GC(39) Pause Young (Normal) (G1 Evacuation Pause) 65M->17M(84M) 0.914ms
[14.621s][info][gc] GC(40) Pause Young (Normal) (G1 Evacuation Pause) 65M->17M(84M) 0.934ms
[14.901s][info][gc] GC(41) Pause Young (Normal) (G1 Evacuation Pause) 65M->17M(84M) 0.781ms
[15.191s][info][gc] GC(42) Pause Young (Normal) (G1 Evacuation Pause) 65M->17M(84M) 0.914ms
[15.472s][info][gc] GC(43) Pause Young (Normal) (G1 Evacuation Pause) 65M->17M(84M) 0.850ms
[15.751s][info][gc] GC(44) Pause Young (Normal) (G1 Evacuation Pause) 65M->17M(84M) 0.807ms
[16.041s][info][gc] GC(45) Pause Young (Normal) (G1 Evacuation Pause) 65M->17M(84M) 0.764ms
[16.326s][info][gc] GC(46) Pause Young (Normal) (G1 Evacuation Pause) 65M->17M(84M) 0.822ms
[16.603s][info][gc] GC(47) Pause Young (Normal) (G1 Evacuation Pause) 65M->17M(84M) 0.650ms
[16.882s][info][gc] GC(48) Pause Young (Normal) (G1 Evacuation Pause) 65M->17M(84M) 0.779ms
[17.162s][info][gc] GC(49) Pause Young (Normal) (G1 Evacuation Pause) 65M->17M(84M) 0.752ms
[17.439s][info][gc] GC(50) Pause Young (Normal) (G1 Evacuation Pause) 65M->17M(84M) 0.734ms
[17.721s][info][gc] GC(51) Pause Young (Normal) (G1 Evacuation Pause) 65M->17M(84M) 0.943ms
[18.435s][info][gc] GC(52) Pause Young (Normal) (G1 Evacuation Pause) 65M->17M(84M) 1.868ms
[18.901s][info][gc] GC(53) Pause Young (Normal) (G1 Evacuation Pause) 65M->17M(84M) 2.224ms
[19.325s][info][gc] GC(54) Pause Young (Normal) (G1 Evacuation Pause) 65M->17M(84M) 2.118ms
[19.686s][info][gc] GC(55) Pause Young (Normal) (G1 Evacuation Pause) 65M->17M(84M) 1.787ms
[19.974s][info][gc] GC(56) Pause Young (Normal) (G1 Evacuation Pause) 65M->17M(84M) 1.750ms
[20.217s][info][gc] GC(57) Pause Young (Normal) (G1 Evacuation Pause) 65M->17M(84M) 1.409ms
[20.474s][info][gc] GC(58) Pause Young (Normal) (G1 Evacuation Pause) 65M->17M(84M) 1.379ms
[20.739s][info][gc] GC(59) Pause Young (Normal) (G1 Evacuation Pause) 65M->17M(84M) 1.595ms
[20.991s][info][gc] GC(60) Pause Young (Normal) (G1 Evacuation Pause) 65M->17M(84M) 1.371ms
[21.248s][info][gc] GC(61) Pause Young (Normal) (G1 Evacuation Pause) 65M->17M(84M) 1.393ms
[21.499s][info][gc] GC(62) Pause Young (Normal) (G1 Evacuation Pause) 65M->17M(84M) 1.677ms
[21.738s][info][gc] GC(63) Pause Young (Normal) (G1 Evacuation Pause) 65M->17M(84M) 1.678ms
[21.979s][info][gc] GC(64) Pause Young (Normal) (G1 Evacuation Pause) 65M->17M(84M) 1.736ms
[22.224s][info][gc] GC(65) Pause Young (Normal) (G1 Evacuation Pause) 65M->17M(84M) 1.562ms
[22.466s][info][gc] GC(66) Pause Young (Normal) (G1 Evacuation Pause) 65M->17M(84M) 1.730ms
[22.705s][info][gc] GC(67) Pause Young (Normal) (G1 Evacuation Pause) 65M->17M(84M) 1.764ms
[22.952s][info][gc] GC(68) Pause Young (Normal) (G1 Evacuation Pause) 65M->17M(84M) 1.036ms
[23.186s][info][gc] GC(69) Pause Young (Normal) (G1 Evacuation Pause) 65M->17M(84M) 1.075ms
[23.429s][info][gc] GC(70) Pause Young (Normal) (G1 Evacuation Pause) 65M->17M(84M) 1.099ms
[23.669s][info][gc] GC(71) Pause Young (Normal) (G1 Evacuation Pause) 65M->17M(84M) 0.962ms
[23.904s][info][gc] GC(72) Pause Young (Normal) (G1 Evacuation Pause) 65M->17M(84M) 1.200ms
[24.142s][info][gc] GC(73) Pause Young (Normal) (G1 Evacuation Pause) 65M->17M(84M) 0.984ms
[24.385s][info][gc] GC(74) Pause Young (Normal) (G1 Evacuation Pause) 65M->17M(84M) 1.090ms
[24.630s][info][gc] GC(75) Pause Young (Normal) (G1 Evacuation Pause) 65M->17M(84M) 1.001ms
[24.870s][info][gc] GC(76) Pause Young (Normal) (G1 Evacuation Pause) 65M->17M(84M) 1.001ms
[25.108s][info][gc] GC(77) Pause Young (Normal) (G1 Evacuation Pause) 65M->17M(84M) 0.920ms
[25.346s][info][gc] GC(78) Pause Young (Normal) (G1 Evacuation Pause) 65M->17M(84M) 0.905ms
[25.584s][info][gc] GC(79) Pause Young (Normal) (G1 Evacuation Pause) 65M->17M(84M) 0.831ms
[25.826s][info][gc] GC(80) Pause Young (Normal) (G1 Evacuation Pause) 65M->17M(84M) 0.863ms
[26.065s][info][gc] GC(81) Pause Young (Normal) (G1 Evacuation Pause) 65M->17M(84M) 0.873ms
[26.299s][info][gc] GC(82) Pause Young (Normal) (G1 Evacuation Pause) 65M->17M(84M) 0.810ms
[26.538s][info][gc] GC(83) Pause Young (Normal) (G1 Evacuation Pause) 65M->17M(84M) 0.975ms
[26.775s][info][gc] GC(84) Pause Young (Normal) (G1 Evacuation Pause) 65M->17M(84M) 0.794ms
[27.008s][info][gc] GC(85) Pause Young (Normal) (G1 Evacuation Pause) 65M->17M(84M) 0.825ms
[27.243s][info][gc] GC(86) Pause Young (Normal) (G1 Evacuation Pause) 65M->17M(84M) 0.812ms
[27.478s][info][gc] GC(87) Pause Young (Normal) (G1 Evacuation Pause) 65M->17M(84M) 1.072ms
[27.727s][info][gc] GC(88) Pause Young (Normal) (G1 Evacuation Pause) 65M->17M(84M) 0.935ms
[27.982s][info][gc] GC(89) Pause Young (Normal) (G1 Evacuation Pause) 65M->17M(84M) 0.908ms
[28.227s][info][gc] GC(90) Pause Young (Normal) (G1 Evacuation Pause) 65M->17M(84M) 0.908ms
[28.474s][info][gc] GC(91) Pause Young (Normal) (G1 Evacuation Pause) 65M->17M(84M) 1.092ms
[28.718s][info][gc] GC(92) Pause Young (Normal) (G1 Evacuation Pause) 65M->17M(84M) 1.029ms
[28.966s][info][gc] GC(93) Pause Young (Normal) (G1 Evacuation Pause) 65M->17M(84M) 0.994ms
[29.205s][info][gc] GC(94) Pause Young (Normal) (G1 Evacuation Pause) 65M->17M(84M) 1.046ms
[29.450s][info][gc] GC(95) Pause Young (Normal) (G1 Evacuation Pause) 65M->17M(84M) 0.979ms
[29.694s][info][gc] GC(96) Pause Young (Normal) (G1 Evacuation Pause) 65M->17M(84M) 0.948ms
[29.947s][info][gc] GC(97) Pause Young (Normal) (G1 Evacuation Pause) 65M->17M(84M) 0.916ms
[30.195s][info][gc] GC(98) Pause Young (Normal) (G1 Evacuation Pause) 65M->17M(84M) 1.001ms
[30.429s][info][gc] GC(99) Pause Young (Normal) (G1 Evacuation Pause) 65M->17M(84M) 0.946ms
[30.668s][info][gc] GC(100) Pause Young (Normal) (G1 Evacuation Pause) 65M->17M(84M) 0.860ms
[30.906s][info][gc] GC(101) Pause Young (Normal) (G1 Evacuation Pause) 65M->17M(84M) 0.903ms
[31.143s][info][gc] GC(102) Pause Young (Normal) (G1 Evacuation Pause) 65M->17M(84M) 0.823ms
[31.381s][info][gc] GC(103) Pause Young (Normal) (G1 Evacuation Pause) 65M->17M(84M) 0.924ms
[31.619s][info][gc] GC(104) Pause Young (Normal) (G1 Evacuation Pause) 65M->17M(84M) 0.913ms
[31.852s][info][gc] GC(105) Pause Young (Normal) (G1 Evacuation Pause) 65M->17M(84M) 0.963ms
[32.092s][info][gc] GC(106) Pause Young (Normal) (G1 Evacuation Pause) 65M->17M(84M) 0.976ms
[32.321s][info][gc] GC(107) Pause Young (Normal) (G1 Evacuation Pause) 65M->17M(84M) 1.060ms
[32.556s][info][gc] GC(108) Pause Young (Normal) (G1 Evacuation Pause) 65M->17M(84M) 1.103ms
[32.789s][info][gc] GC(109) Pause Young (Normal) (G1 Evacuation Pause) 65M->17M(84M) 0.957ms
[33.029s][info][gc] GC(110) Pause Young (Normal) (G1 Evacuation Pause) 65M->17M(84M) 1.006ms
[33.269s][info][gc] GC(111) Pause Young (Normal) (G1 Evacuation Pause) 65M->17M(84M) 0.946ms
[33.505s][info][gc] GC(112) Pause Young (Normal) (G1 Evacuation Pause) 65M->17M(84M) 0.947ms
[33.737s][info][gc] GC(113) Pause Young (Normal) (G1 Evacuation Pause) 65M->17M(84M) 1.114ms
[33.976s][info][gc] GC(114) Pause Young (Normal) (G1 Evacuation Pause) 65M->17M(84M) 0.988ms
[34.213s][info][gc] GC(115) Pause Young (Normal) (G1 Evacuation Pause) 65M->17M(84M) 1.111ms
[34.446s][info][gc] GC(116) Pause Young (Normal) (G1 Evacuation Pause) 65M->17M(84M) 1.011ms
[34.690s][info][gc] GC(117) Pause Young (Normal) (G1 Evacuation Pause) 65M->17M(84M) 0.978ms
[34.928s][info][gc] GC(118) Pause Young (Normal) (G1 Evacuation Pause) 65M->17M(84M) 1.103ms
[35.162s][info][gc] GC(119) Pause Young (Normal) (G1 Evacuation Pause) 65M->17M(84M) 1.092ms
[35.403s][info][gc] GC(120) Pause Young (Normal) (G1 Evacuation Pause) 65M->17M(84M) 1.066ms
[35.640s][info][gc] GC(121) Pause Young (Normal) (G1 Evacuation Pause) 65M->17M(84M) 0.896ms
[35.879s][info][gc] GC(122) Pause Young (Normal) (G1 Evacuation Pause) 65M->17M(84M) 1.049ms
[36.127s][info][gc] GC(123) Pause Young (Normal) (G1 Evacuation Pause) 65M->17M(84M) 0.922ms
[36.367s][info][gc] GC(124) Pause Young (Normal) (G1 Evacuation Pause) 65M->17M(84M) 0.958ms
[36.608s][info][gc] GC(125) Pause Young (Normal) (G1 Evacuation Pause) 65M->17M(84M) 0.864ms
[36.849s][info][gc] GC(126) Pause Young (Normal) (G1 Evacuation Pause) 65M->17M(84M) 0.983ms
[37.081s][info][gc] GC(127) Pause Young (Normal) (G1 Evacuation Pause) 65M->17M(84M) 0.975ms
[37.319s][info][gc] GC(128) Pause Young (Normal) (G1 Evacuation Pause) 65M->17M(84M) 1.016ms
[37.556s][info][gc] GC(129) Pause Young (Normal) (G1 Evacuation Pause) 65M->17M(84M) 0.892ms
[37.793s][info][gc] GC(130) Pause Young (Normal) (G1 Evacuation Pause) 65M->17M(84M) 0.853ms
[38.023s][info][gc] GC(131) Pause Young (Normal) (G1 Evacuation Pause) 65M->17M(84M) 0.839ms
[38.260s][info][gc] GC(132) Pause Young (Normal) (G1 Evacuation Pause) 65M->17M(84M) 0.830ms
[38.495s][info][gc] GC(133) Pause Young (Normal) (G1 Evacuation Pause) 65M->17M(84M) 1.079ms
[38.726s][info][gc] GC(134) Pause Young (Normal) (G1 Evacuation Pause) 65M->17M(84M) 0.847ms
[38.958s][info][gc] GC(135) Pause Young (Normal) (G1 Evacuation Pause) 65M->17M(84M) 0.941ms
[39.192s][info][gc] GC(136) Pause Young (Normal) (G1 Evacuation Pause) 65M->17M(84M) 0.975ms
[39.434s][info][gc] GC(137) Pause Young (Normal) (G1 Evacuation Pause) 65M->17M(84M) 0.928ms
[39.667s][info][gc] GC(138) Pause Young (Normal) (G1 Evacuation Pause) 65M->17M(84M) 0.897ms
[39.907s][info][gc] GC(139) Pause Young (Normal) (G1 Evacuation Pause) 65M->17M(84M) 0.975ms
[40.143s][info][gc] GC(140) Pause Young (Normal) (G1 Evacuation Pause) 65M->17M(84M) 0.979ms
[40.381s][info][gc] GC(141) Pause Young (Normal) (G1 Evacuation Pause) 65M->17M(84M) 1.071ms
[40.622s][info][gc] GC(142) Pause Young (Normal) (G1 Evacuation Pause) 65M->17M(84M) 1.029ms
[40.864s][info][gc] GC(143) Pause Young (Normal) (G1 Evacuation Pause) 65M->17M(84M) 0.963ms
[41.096s][info][gc] GC(144) Pause Young (Normal) (G1 Evacuation Pause) 65M->17M(84M) 0.847ms
[41.330s][info][gc] GC(145) Pause Young (Normal) (G1 Evacuation Pause) 65M->17M(84M) 0.924ms
[41.566s][info][gc] GC(146) Pause Young (Normal) (G1 Evacuation Pause) 65M->17M(84M) 0.937ms
[41.801s][info][gc] GC(147) Pause Young (Normal) (G1 Evacuation Pause) 65M->17M(84M) 0.906ms
[42.037s][info][gc] GC(148) Pause Young (Normal) (G1 Evacuation Pause) 65M->17M(84M) 1.054ms
[42.281s][info][gc] GC(149) Pause Young (Normal) (G1 Evacuation Pause) 65M->17M(84M) 1.069ms
[42.521s][info][gc] GC(150) Pause Young (Normal) (G1 Evacuation Pause) 65M->17M(84M) 0.856ms
[42.756s][info][gc] GC(151) Pause Young (Normal) (G1 Evacuation Pause) 65M->17M(84M) 0.988ms
[42.992s][info][gc] GC(152) Pause Young (Normal) (G1 Evacuation Pause) 65M->17M(84M) 0.884ms
[43.229s][info][gc] GC(153) Pause Young (Normal) (G1 Evacuation Pause) 65M->17M(84M) 0.885ms
[43.467s][info][gc] GC(154) Pause Young (Normal) (G1 Evacuation Pause) 65M->17M(84M) 0.893ms
[43.703s][info][gc] GC(155) Pause Young (Normal) (G1 Evacuation Pause) 65M->17M(84M) 1.097ms
[43.938s][info][gc] GC(156) Pause Young (Normal) (G1 Evacuation Pause) 65M->17M(84M) 0.996ms
[44.166s][info][gc] GC(157) Pause Young (Normal) (G1 Evacuation Pause) 65M->17M(84M) 0.960ms
[44.404s][info][gc] GC(158) Pause Young (Normal) (G1 Evacuation Pause) 65M->17M(84M) 1.178ms
[44.642s][info][gc] GC(159) Pause Young (Normal) (G1 Evacuation Pause) 65M->17M(84M) 0.838ms
[44.873s][info][gc] GC(160) Pause Young (Normal) (G1 Evacuation Pause) 65M->17M(84M) 0.898ms
[45.113s][info][gc] GC(161) Pause Young (Normal) (G1 Evacuation Pause) 65M->17M(84M) 0.872ms
[45.349s][info][gc] GC(162) Pause Young (Normal) (G1 Evacuation Pause) 65M->17M(84M) 0.907ms
[45.588s][info][gc] GC(163) Pause Young (Normal) (G1 Evacuation Pause) 65M->17M(84M) 0.878ms
[45.828s][info][gc] GC(164) Pause Young (Normal) (G1 Evacuation Pause) 65M->17M(84M) 1.157ms
[46.073s][info][gc] GC(165) Pause Young (Normal) (G1 Evacuation Pause) 65M->17M(84M) 0.981ms
[46.309s][info][gc] GC(166) Pause Young (Normal) (G1 Evacuation Pause) 65M->17M(84M) 0.941ms
[46.544s][info][gc] GC(167) Pause Young (Normal) (G1 Evacuation Pause) 65M->17M(84M) 0.973ms
[46.780s][info][gc] GC(168) Pause Young (Normal) (G1 Evacuation Pause) 65M->17M(84M) 0.862ms
[47.027s][info][gc] GC(169) Pause Young (Normal) (G1 Evacuation Pause) 65M->17M(84M) 1.221ms
[47.271s][info][gc] GC(170) Pause Young (Normal) (G1 Evacuation Pause) 65M->17M(84M) 0.985ms
[47.505s][info][gc] GC(171) Pause Young (Normal) (G1 Evacuation Pause) 65M->17M(84M) 0.921ms
[47.744s][info][gc] GC(172) Pause Young (Normal) (G1 Evacuation Pause) 65M->17M(84M) 1.121ms
[47.984s][info][gc] GC(173) Pause Young (Normal) (G1 Evacuation Pause) 65M->17M(84M) 0.984ms
[48.219s][info][gc] GC(174) Pause Young (Normal) (G1 Evacuation Pause) 65M->17M(84M) 1.059ms
[48.821s][info][gc] GC(175) Pause Young (Normal) (G1 Evacuation Pause) 65M->17M(84M) 1.035ms
[49.054s][info][gc] GC(176) Pause Young (Normal) (G1 Evacuation Pause) 65M->17M(84M) 1.131ms
[49.293s][info][gc] GC(177) Pause Young (Normal) (G1 Evacuation Pause) 65M->17M(84M) 1.141ms
[49.541s][info][gc] GC(178) Pause Young (Normal) (G1 Evacuation Pause) 65M->17M(84M) 0.966ms
[49.777s][info][gc] GC(179) Pause Young (Normal) (G1 Evacuation Pause) 65M->17M(84M) 1.049ms
[50.011s][info][gc] GC(180) Pause Young (Normal) (G1 Evacuation Pause) 65M->17M(84M) 1.174ms
[50.243s][info][gc] GC(181) Pause Young (Normal) (G1 Evacuation Pause) 65M->17M(84M) 1.003ms
[50.481s][info][gc] GC(182) Pause Young (Normal) (G1 Evacuation Pause) 65M->17M(84M) 1.023ms
[50.713s][info][gc] GC(183) Pause Young (Normal) (G1 Evacuation Pause) 65M->17M(84M) 1.026ms
[50.949s][info][gc] GC(184) Pause Young (Normal) (G1 Evacuation Pause) 65M->17M(84M) 1.065ms
[51.180s][info][gc] GC(185) Pause Young (Normal) (G1 Evacuation Pause) 65M->17M(84M) 1.048ms
[51.417s][info][gc] GC(186) Pause Young (Normal) (G1 Evacuation Pause) 65M->17M(84M) 1.030ms
[51.655s][info][gc] GC(187) Pause Young (Normal) (G1 Evacuation Pause) 65M->17M(84M) 1.311ms
[51.893s][info][gc] GC(188) Pause Young (Normal) (G1 Evacuation Pause) 65M->17M(84M) 0.985ms
[52.134s][info][gc] GC(189) Pause Young (Normal) (G1 Evacuation Pause) 65M->17M(84M) 0.962ms
[52.370s][info][gc] GC(190) Pause Young (Normal) (G1 Evacuation Pause) 65M->17M(84M) 1.121ms
[52.605s][info][gc] GC(191) Pause Young (Normal) (G1 Evacuation Pause) 65M->17M(84M) 1.121ms
[52.842s][info][gc] GC(192) Pause Young (Normal) (G1 Evacuation Pause) 65M->17M(84M) 0.835ms
[53.080s][info][gc] GC(193) Pause Young (Normal) (G1 Evacuation Pause) 65M->17M(84M) 0.965ms
[53.314s][info][gc] GC(194) Pause Young (Normal) (G1 Evacuation Pause) 65M->17M(84M) 0.931ms
[53.545s][info][gc] GC(195) Pause Young (Normal) (G1 Evacuation Pause) 65M->17M(84M) 1.011ms
[53.775s][info][gc] GC(196) Pause Young (Normal) (G1 Evacuation Pause) 65M->17M(84M) 0.982ms
[54.016s][info][gc] GC(197) Pause Young (Normal) (G1 Evacuation Pause) 65M->17M(84M) 0.837ms
[54.253s][info][gc] GC(198) Pause Young (Normal) (G1 Evacuation Pause) 65M->17M(84M) 0.931ms
[54.489s][info][gc] GC(199) Pause Young (Normal) (G1 Evacuation Pause) 65M->17M(84M) 0.988ms
[54.726s][info][gc] GC(200) Pause Young (Normal) (G1 Evacuation Pause) 65M->17M(84M) 0.917ms
[54.966s][info][gc] GC(201) Pause Young (Normal) (G1 Evacuation Pause) 65M->17M(84M) 0.853ms
[55.206s][info][gc] GC(202) Pause Young (Normal) (G1 Evacuation Pause) 65M->17M(84M) 1.021ms
[55.439s][info][gc] GC(203) Pause Young (Normal) (G1 Evacuation Pause) 65M->17M(84M) 0.877ms
[55.676s][info][gc] GC(204) Pause Young (Normal) (G1 Evacuation Pause) 65M->17M(84M) 1.136ms
[55.921s][info][gc] GC(205) Pause Young (Normal) (G1 Evacuation Pause) 65M->17M(84M) 1.270ms
[56.167s][info][gc] GC(206) Pause Young (Normal) (G1 Evacuation Pause) 65M->17M(84M) 0.960ms
[56.407s][info][gc] GC(207) Pause Young (Normal) (G1 Evacuation Pause) 65M->17M(84M) 0.913ms
[56.636s][info][gc] GC(208) Pause Young (Normal) (G1 Evacuation Pause) 65M->17M(84M) 1.202ms
[56.871s][info][gc] GC(209) Pause Young (Normal) (G1 Evacuation Pause) 65M->17M(84M) 1.076ms
[57.118s][info][gc] GC(210) Pause Young (Normal) (G1 Evacuation Pause) 65M->17M(84M) 1.091ms
[57.375s][info][gc] GC(211) Pause Young (Normal) (G1 Evacuation Pause) 65M->17M(84M) 0.956ms
[57.607s][info][gc] GC(212) Pause Young (Normal) (G1 Evacuation Pause) 65M->17M(84M) 0.959ms
[57.843s][info][gc] GC(213) Pause Young (Normal) (G1 Evacuation Pause) 65M->17M(84M) 0.937ms
[58.081s][info][gc] GC(214) Pause Young (Normal) (G1 Evacuation Pause) 65M->17M(84M) 0.891ms
[58.322s][info][gc] GC(215) Pause Young (Normal) (G1 Evacuation Pause) 65M->17M(84M) 1.026ms
[58.558s][info][gc] GC(216) Pause Young (Normal) (G1 Evacuation Pause) 65M->17M(84M) 0.945ms
[58.793s][info][gc] GC(217) Pause Young (Normal) (G1 Evacuation Pause) 65M->17M(84M) 0.982ms
[59.028s][info][gc] GC(218) Pause Young (Normal) (G1 Evacuation Pause) 65M->17M(84M) 0.953ms
[59.266s][info][gc] GC(219) Pause Young (Normal) (G1 Evacuation Pause) 65M->17M(84M) 0.918ms
[59.511s][info][gc] GC(220) Pause Young (Normal) (G1 Evacuation Pause) 65M->17M(84M) 1.019ms
[59.743s][info][gc] GC(221) Pause Young (Normal) (G1 Evacuation Pause) 65M->17M(84M) 1.086ms
[59.982s][info][gc] GC(222) Pause Young (Normal) (G1 Evacuation Pause) 65M->17M(84M) 1.058ms
[60.225s][info][gc] GC(223) Pause Young (Normal) (G1 Evacuation Pause) 65M->17M(84M) 0.861ms
[60.472s][info][gc] GC(224) Pause Young (Normal) (G1 Evacuation Pause) 65M->17M(84M) 1.004ms
[60.718s][info][gc] GC(225) Pause Young (Normal) (G1 Evacuation Pause) 65M->17M(84M) 1.047ms
[60.966s][info][gc] GC(226) Pause Young (Normal) (G1 Evacuation Pause) 65M->17M(84M) 0.934ms
[61.214s][info][gc] GC(227) Pause Young (Normal) (G1 Evacuation Pause) 65M->17M(84M) 0.948ms
[61.460s][info][gc] GC(228) Pause Young (Normal) (G1 Evacuation Pause) 65M->17M(84M) 1.132ms
[61.710s][info][gc] GC(229) Pause Young (Normal) (G1 Evacuation Pause) 65M->17M(84M) 1.095ms
[61.959s][info][gc] GC(230) Pause Young (Normal) (G1 Evacuation Pause) 65M->17M(84M) 0.945ms
[62.204s][info][gc] GC(231) Pause Young (Normal) (G1 Evacuation Pause) 65M->17M(84M) 0.919ms
[62.452s][info][gc] GC(232) Pause Young (Normal) (G1 Evacuation Pause) 65M->17M(84M) 1.162ms
[62.697s][info][gc] GC(233) Pause Young (Normal) (G1 Evacuation Pause) 65M->17M(84M) 0.918ms
[62.937s][info][gc] GC(234) Pause Young (Normal) (G1 Evacuation Pause) 65M->17M(84M) 0.953ms
[63.174s][info][gc] GC(235) Pause Young (Normal) (G1 Evacuation Pause) 65M->17M(84M) 0.925ms
[63.412s][info][gc] GC(236) Pause Young (Normal) (G1 Evacuation Pause) 65M->17M(84M) 1.000ms
[63.648s][info][gc] GC(237) Pause Young (Normal) (G1 Evacuation Pause) 65M->17M(84M) 0.905ms
[63.884s][info][gc] GC(238) Pause Young (Normal) (G1 Evacuation Pause) 65M->17M(84M) 0.890ms
[64.121s][info][gc] GC(239) Pause Young (Normal) (G1 Evacuation Pause) 65M->17M(84M) 0.914ms
[64.363s][info][gc] GC(240) Pause Young (Normal) (G1 Evacuation Pause) 65M->17M(84M) 0.857ms
[64.604s][info][gc] GC(241) Pause Young (Normal) (G1 Evacuation Pause) 65M->17M(84M) 0.944ms
[64.841s][info][gc] GC(242) Pause Young (Normal) (G1 Evacuation Pause) 65M->17M(84M) 0.889ms
[65.077s][info][gc] GC(243) Pause Young (Normal) (G1 Evacuation Pause) 65M->17M(84M) 1.148ms
[65.309s][info][gc] GC(244) Pause Young (Normal) (G1 Evacuation Pause) 65M->17M(84M) 0.954ms
[65.547s][info][gc] GC(245) Pause Young (Normal) (G1 Evacuation Pause) 65M->17M(84M) 0.912ms
[65.779s][info][gc] GC(246) Pause Young (Normal) (G1 Evacuation Pause) 65M->17M(84M) 1.021ms
[66.025s][info][gc] GC(247) Pause Young (Normal) (G1 Evacuation Pause) 65M->17M(84M) 0.933ms
[66.264s][info][gc] GC(248) Pause Young (Normal) (G1 Evacuation Pause) 65M->17M(84M) 1.081ms
[66.506s][info][gc] GC(249) Pause Young (Normal) (G1 Evacuation Pause) 65M->17M(84M) 0.945ms
[66.746s][info][gc] GC(250) Pause Young (Normal) (G1 Evacuation Pause) 65M->17M(84M) 0.917ms
[66.985s][info][gc] GC(251) Pause Young (Normal) (G1 Evacuation Pause) 65M->17M(84M) 1.086ms
[67.220s][info][gc] GC(252) Pause Young (Normal) (G1 Evacuation Pause) 65M->17M(84M) 0.948ms
[67.455s][info][gc] GC(253) Pause Young (Normal) (G1 Evacuation Pause) 65M->17M(84M) 1.026ms
[67.685s][info][gc] GC(254) Pause Young (Normal) (G1 Evacuation Pause) 65M->17M(84M) 1.132ms
[67.923s][info][gc] GC(255) Pause Young (Normal) (G1 Evacuation Pause) 65M->17M(84M) 0.943ms
[68.156s][info][gc] GC(256) Pause Young (Normal) (G1 Evacuation Pause) 65M->17M(84M) 1.096ms
[68.402s][info][gc] GC(257) Pause Young (Normal) (G1 Evacuation Pause) 65M->17M(84M) 1.083ms
[68.636s][info][gc] GC(258) Pause Young (Normal) (G1 Evacuation Pause) 65M->17M(84M) 1.185ms
[68.874s][info][gc] GC(259) Pause Young (Normal) (G1 Evacuation Pause) 65M->17M(84M) 0.899ms
[69.110s][info][gc] GC(260) Pause Young (Normal) (G1 Evacuation Pause) 65M->17M(84M) 1.079ms
[69.346s][info][gc] GC(261) Pause Young (Normal) (G1 Evacuation Pause) 65M->17M(84M) 0.984ms
[69.586s][info][gc] GC(262) Pause Young (Normal) (G1 Evacuation Pause) 65M->17M(84M) 1.032ms
[69.821s][info][gc] GC(263) Pause Young (Normal) (G1 Evacuation Pause) 65M->17M(84M) 0.991ms
[70.060s][info][gc] GC(264) Pause Young (Normal) (G1 Evacuation Pause) 65M->17M(84M) 1.108ms
[70.296s][info][gc] GC(265) Pause Young (Normal) (G1 Evacuation Pause) 65M->17M(84M) 1.073ms
[70.533s][info][gc] GC(266) Pause Young (Normal) (G1 Evacuation Pause) 65M->17M(84M) 0.963ms
[70.770s][info][gc] GC(267) Pause Young (Normal) (G1 Evacuation Pause) 65M->17M(84M) 1.049ms
[71.011s][info][gc] GC(268) Pause Young (Normal) (G1 Evacuation Pause) 65M->17M(84M) 1.026ms
[71.251s][info][gc] GC(269) Pause Young (Normal) (G1 Evacuation Pause) 65M->17M(84M) 1.059ms
[71.485s][info][gc] GC(270) Pause Young (Normal) (G1 Evacuation Pause) 65M->17M(84M) 1.097ms
[71.720s][info][gc] GC(271) Pause Young (Normal) (G1 Evacuation Pause) 65M->17M(84M) 0.933ms
[71.956s][info][gc] GC(272) Pause Young (Normal) (G1 Evacuation Pause) 65M->17M(84M) 0.928ms
[72.192s][info][gc] GC(273) Pause Young (Normal) (G1 Evacuation Pause) 65M->17M(84M) 0.893ms
[72.428s][info][gc] GC(274) Pause Young (Normal) (G1 Evacuation Pause) 65M->17M(84M) 1.027ms
[72.667s][info][gc] GC(275) Pause Young (Normal) (G1 Evacuation Pause) 65M->17M(84M) 0.929ms
[72.898s][info][gc] GC(276) Pause Young (Normal) (G1 Evacuation Pause) 65M->17M(84M) 1.024ms
[73.133s][info][gc] GC(277) Pause Young (Normal) (G1 Evacuation Pause) 65M->17M(84M) 1.063ms
[73.372s][info][gc] GC(278) Pause Young (Normal) (G1 Evacuation Pause) 65M->17M(84M) 0.893ms
[73.609s][info][gc] GC(279) Pause Young (Normal) (G1 Evacuation Pause) 65M->17M(84M) 1.042ms
[73.849s][info][gc] GC(280) Pause Young (Normal) (G1 Evacuation Pause) 65M->17M(84M) 1.048ms
[74.084s][info][gc] GC(281) Pause Young (Normal) (G1 Evacuation Pause) 65M->17M(84M) 1.041ms
[74.318s][info][gc] GC(282) Pause Young (Normal) (G1 Evacuation Pause) 65M->17M(84M) 1.061ms
[74.562s][info][gc] GC(283) Pause Young (Normal) (G1 Evacuation Pause) 65M->17M(84M) 0.914ms
[74.797s][info][gc] GC(284) Pause Young (Normal) (G1 Evacuation Pause) 65M->17M(84M) 0.933ms
[75.031s][info][gc] GC(285) Pause Young (Normal) (G1 Evacuation Pause) 65M->17M(84M) 1.007ms
[75.273s][info][gc] GC(286) Pause Young (Normal) (G1 Evacuation Pause) 65M->17M(84M) 0.906ms
[75.512s][info][gc] GC(287) Pause Young (Normal) (G1 Evacuation Pause) 65M->17M(84M) 0.916ms
[75.749s][info][gc] GC(288) Pause Young (Normal) (G1 Evacuation Pause) 65M->17M(84M) 0.900ms
[75.981s][info][gc] GC(289) Pause Young (Normal) (G1 Evacuation Pause) 65M->17M(84M) 0.942ms
[76.218s][info][gc] GC(290) Pause Young (Normal) (G1 Evacuation Pause) 65M->17M(84M) 0.989ms
[76.454s][info][gc] GC(291) Pause Young (Normal) (G1 Evacuation Pause) 65M->17M(84M) 0.967ms
[76.690s][info][gc] GC(292) Pause Young (Normal) (G1 Evacuation Pause) 65M->17M(84M) 0.830ms
[76.929s][info][gc] GC(293) Pause Young (Normal) (G1 Evacuation Pause) 65M->17M(84M) 1.022ms
[77.165s][info][gc] GC(294) Pause Young (Normal) (G1 Evacuation Pause) 65M->17M(84M) 0.918ms
[77.397s][info][gc] GC(295) Pause Young (Normal) (G1 Evacuation Pause) 65M->17M(84M) 0.945ms
[77.632s][info][gc] GC(296) Pause Young (Normal) (G1 Evacuation Pause) 65M->17M(84M) 0.996ms
[77.866s][info][gc] GC(297) Pause Young (Normal) (G1 Evacuation Pause) 65M->17M(84M) 0.971ms
[78.097s][info][gc] GC(298) Pause Young (Normal) (G1 Evacuation Pause) 65M->17M(84M) 0.940ms
[78.331s][info][gc] GC(299) Pause Young (Normal) (G1 Evacuation Pause) 65M->17M(84M) 0.905ms
[78.563s][info][gc] GC(300) Pause Young (Normal) (G1 Evacuation Pause) 65M->17M(84M) 0.879ms
